// Jest Snapshot v1, https://goo.gl/fbAQLP

exports[`renders correctly 1`] = `
<div
  className="contain"
>
  <div
    className="nav"
  >
    <ul
      id="navList"
    >
      <li>
        <a
          href="/"
          id="anchora"
          onClick={[Function]}
        >
          <svg
            fill="currentColor"
            height="1em"
            stroke="currentColor"
            strokeWidth="0"
            style={
              Object {
                "color": undefined,
              }
            }
            viewBox="0 0 1024 1024"
            width="1em"
            xmlns="http://www.w3.org/2000/svg"
          >
            <path
              d="M946.5 505L534.6 93.4a31.93 31.93 0 0 0-45.2 0L77.5 505c-12 12-18.8 28.3-18.8 45.3 0 35.3 28.7 64 64 64h43.4V908c0 17.7 14.3 32 32 32H448V716h112v224h265.9c17.7 0 32-14.3 32-32V614.3h43.4c17 0 33.3-6.7 45.3-18.8 24.9-25 24.9-65.5-.1-90.5z"
            />
          </svg>
        </a>
      </li>
      <li
        id="anchorb"
      >
        Covid Watch
      </li>
    </ul>
    <div
      className="logoDiv"
    >
      <svg
        className="microphone"
        fill="currentColor"
        height="1em"
        stroke="currentColor"
        strokeWidth="0"
        style={
          Object {
            "color": undefined,
          }
        }
        viewBox="0 0 24 24"
        width="1em"
        xmlns="http://www.w3.org/2000/svg"
      >
        <path
          d="M16 12V6c0-2.217-1.785-4.021-3.979-4.021a.933.933 0 0 0-.209.025A4.006 4.006 0 0 0 8 6v6c0 2.206 1.794 4 4 4s4-1.794 4-4zm-6 0V6c0-1.103.897-2 2-2a.89.89 0 0 0 .163-.015C13.188 4.06 14 4.935 14 6v6c0 1.103-.897 2-2 2s-2-.897-2-2z"
        />
        <path
          d="M6 12H4c0 4.072 3.061 7.436 7 7.931V22h2v-2.069c3.939-.495 7-3.858 7-7.931h-2c0 3.309-2.691 6-6 6s-6-2.691-6-6z"
        />
      </svg>
      <svg
        fill="none"
        height="1em"
        stroke="currentColor"
        strokeLinecap="round"
        strokeLinejoin="round"
        strokeWidth="2"
        style={
          Object {
            "color": undefined,
          }
        }
        viewBox="0 0 24 24"
        width="1em"
        xmlns="http://www.w3.org/2000/svg"
      >
        <circle
          cx="12"
          cy="12"
          r="3"
        />
        <path
          d="M19.4 15a1.65 1.65 0 0 0 .33 1.82l.06.06a2 2 0 0 1 0 2.83 2 2 0 0 1-2.83 0l-.06-.06a1.65 1.65 0 0 0-1.82-.33 1.65 1.65 0 0 0-1 1.51V21a2 2 0 0 1-2 2 2 2 0 0 1-2-2v-.09A1.65 1.65 0 0 0 9 19.4a1.65 1.65 0 0 0-1.82.33l-.06.06a2 2 0 0 1-2.83 0 2 2 0 0 1 0-2.83l.06-.06a1.65 1.65 0 0 0 .33-1.82 1.65 1.65 0 0 0-1.51-1H3a2 2 0 0 1-2-2 2 2 0 0 1 2-2h.09A1.65 1.65 0 0 0 4.6 9a1.65 1.65 0 0 0-.33-1.82l-.06-.06a2 2 0 0 1 0-2.83 2 2 0 0 1 2.83 0l.06.06a1.65 1.65 0 0 0 1.82.33H9a1.65 1.65 0 0 0 1-1.51V3a2 2 0 0 1 2-2 2 2 0 0 1 2 2v.09a1.65 1.65 0 0 0 1 1.51 1.65 1.65 0 0 0 1.82-.33l.06-.06a2 2 0 0 1 2.83 0 2 2 0 0 1 0 2.83l-.06.06a1.65 1.65 0 0 0-.33 1.82V9a1.65 1.65 0 0 0 1.51 1H21a2 2 0 0 1 2 2 2 2 0 0 1-2 2h-.09a1.65 1.65 0 0 0-1.51 1z"
        />
      </svg>
    </div>
  </div>
  <div
    className="home"
  />
</div>
`;
