// Jest Snapshot v1, https://goo.gl/fbAQLP

exports[`renders correctly 1`] = `
<div
  className="display-body"
>
  <div>
    <h1
      className="main-text"
    >
      Further Details
    </h1>
  </div>
  <section
    className="section"
  />
</div>
`;
